// Jest Snapshot v1, https://goo.gl/fbAQLP

exports[`AdditionalReliefFormCard component should match exact snapshot 1`] = `
<div>
  <div
    className="form-card"
  >
    <header
      className="form-card__header"
    >
      <h1
        className="form-card__title"
      >
        Additional relief
        <p>
          Choose from the following options to expand relief.
        </p>
      </h1>
    </header>
    <div
      className="form-card__content"
    >
      <div
        className="form-group grid"
      >
        <div
          className="form-question grid__item width-two-thirds"
        >
          Dismiss all Prop 64 convictions if the conviction happened when the person was 21 or younger.
        </div>
        <label
          className="shift-fourth-fifths checkbox"
          htmlFor="true_subjectUnder21AtConviction"
        >
          <span
            className="sr-only"
          >
            Select to dismiss all Prop 64 convictions if the conviction happened when the person was 21 or younger.
          </span>
          <input
            defaultChecked={true}
            id="true_subjectUnder21AtConviction"
            name="subjectUnder21AtConviction"
            onChange={[Function]}
            type="checkbox"
            value={true}
          />
        </label>
      </div>
      <div
        className="form-group grid"
      >
        <div
          className="form-question grid__item width-two-thirds"
        >
          Dismiss convictions for people who are older than X:
          <div>
            <label
              className="sr-only"
              htmlFor="number-select"
            >
              Choose a minimum age to consider people eligible for dismissal.
            </label>
            <div
              className="select"
            >
              <select
                className="select__element"
                id="subjectAgeThreshold-select"
                onChange={[Function]}
                value={12}
              >
                <option
                  value={40}
                >
                  40
                </option>
                <option
                  value={41}
                >
                  41
                </option>
                <option
                  value={42}
                >
                  42
                </option>
                <option
                  value={43}
                >
                  43
                </option>
                <option
                  value={44}
                >
                  44
                </option>
                <option
                  value={45}
                >
                  45
                </option>
                <option
                  value={46}
                >
                  46
                </option>
                <option
                  value={47}
                >
                  47
                </option>
                <option
                  value={48}
                >
                  48
                </option>
                <option
                  value={49}
                >
                  49
                </option>
                <option
                  value={50}
                >
                  50
                </option>
                <option
                  value={51}
                >
                  51
                </option>
                <option
                  value={52}
                >
                  52
                </option>
                <option
                  value={53}
                >
                  53
                </option>
                <option
                  value={54}
                >
                  54
                </option>
                <option
                  value={55}
                >
                  55
                </option>
                <option
                  value={56}
                >
                  56
                </option>
                <option
                  value={57}
                >
                  57
                </option>
                <option
                  value={58}
                >
                  58
                </option>
                <option
                  value={59}
                >
                  59
                </option>
                <option
                  value={60}
                >
                  60
                </option>
                <option
                  value={61}
                >
                  61
                </option>
                <option
                  value={62}
                >
                  62
                </option>
                <option
                  value={63}
                >
                  63
                </option>
                <option
                  value={64}
                >
                  64
                </option>
                <option
                  value={65}
                >
                  65
                </option>
              </select>
            </div>
          </div>
        </div>
        <label
          className="shift-fourth-fifths checkbox"
          htmlFor="true_dismissOlderThanAgeThreshold"
        >
          <span
            className="sr-only"
          >
            Select to dismiss convictions for people who are older than specified age.
          </span>
          <input
            defaultChecked={true}
            id="true_dismissOlderThanAgeThreshold"
            name="dismissOlderThanAgeThreshold"
            onChange={[Function]}
            type="checkbox"
            value={true}
          />
        </label>
      </div>
      <div
        className="form-group grid"
      >
        <div
          className="form-question grid__item width-two-thirds"
        >
          Dismiss convictions that occurred more than X years ago:
          <div>
            <label
              className="sr-only"
              htmlFor="number-select"
            >
              Choose a minimum number of years since last conviction for dismissal.
            </label>
            <div
              className="select"
            >
              <select
                className="select__element"
                id="yearsSinceConvictionThreshold-select"
                onChange={[Function]}
                value={3}
              >
                <option
                  value={1}
                >
                  1
                </option>
                <option
                  value={2}
                >
                  2
                </option>
                <option
                  value={3}
                >
                  3
                </option>
                <option
                  value={4}
                >
                  4
                </option>
                <option
                  value={5}
                >
                  5
                </option>
                <option
                  value={6}
                >
                  6
                </option>
                <option
                  value={7}
                >
                  7
                </option>
                <option
                  value={8}
                >
                  8
                </option>
                <option
                  value={9}
                >
                  9
                </option>
                <option
                  value={10}
                >
                  10
                </option>
                <option
                  value={11}
                >
                  11
                </option>
                <option
                  value={12}
                >
                  12
                </option>
                <option
                  value={13}
                >
                  13
                </option>
                <option
                  value={14}
                >
                  14
                </option>
                <option
                  value={15}
                >
                  15
                </option>
              </select>
            </div>
          </div>
        </div>
        <label
          className="shift-fourth-fifths checkbox"
          htmlFor="true_dismissYearsSinceConvictionThreshold"
        >
          <span
            className="sr-only"
          >
            Dismiss convictions that occurred more than X years ago.
          </span>
          <input
            defaultChecked={true}
            id="true_dismissYearsSinceConvictionThreshold"
            name="dismissYearsSinceConvictionThreshold"
            onChange={[Function]}
            type="checkbox"
            value={true}
          />
        </label>
      </div>
      <div
        className="form-group grid"
      >
        <div
          className="form-question grid__item width-two-thirds"
        >
          Dismiss all HS 11357, HS 11358, HS 11359, or HS 11360 convictions if those are the only convictions on an individual's record.
        </div>
        <label
          className="shift-fourth-fifths checkbox"
          htmlFor="true_subjectHasOnlyProp64Charges"
        >
          <span
            className="sr-only"
          >
            Select to dismiss convictions for people who only have HS 11357, 11358, 11359, 11360 convictions on their record.
          </span>
          <input
            defaultChecked={true}
            id="true_subjectHasOnlyProp64Charges"
            name="subjectHasOnlyProp64Charges"
            onChange={[Function]}
            type="checkbox"
            value={true}
          />
        </label>
      </div>
    </div>
    <div
      className="form-card__footer"
    >
      <button
        className="button button--primary"
        id="continue"
        onClick={[Function]}
        type="button"
      >
        Continue 
        <i
          className="icon-arrow_forward"
        />
      </button>
      <button
        className="button"
        id="goback"
        onClick={[Function]}
        type="button"
      >
        Go back 
        <i
          className="icon-replay"
        />
      </button>
    </div>
  </div>
</div>
`;
