// Jest Snapshot v1, https://goo.gl/fbAQLP

exports[`AgeSelect component should match exact snapshot 1`] = `
<div>
  <label
    className="sr-only"
    htmlFor="age-select"
  />
  <div
    className="select"
  >
    <select
      className="select__element"
      id="age-select"
      onChange={[Function]}
    >
      <option
        value={1}
      >
        1
      </option>
      <option
        value={2}
      >
        2
      </option>
      <option
        value={3}
      >
        3
      </option>
    </select>
  </div>
</div>
`;
