// Jest Snapshot v1, https://goo.gl/fbAQLP

exports[`BaselineEligibilityOption component should match exact snapshot 1`] = `
<tr>
  <td>
    <p>
      H&S ยง undefined
    </p>
  </td>
  <td>
    <input
      className="radioButton radio-button"
      defaultChecked={true}
      id="dismiss_11357(a)"
      name="11357(a)"
      onChange={[Function]}
      type="radio"
    />
  </td>
  <td>
    <input
      className="radioButton radio-button"
      defaultChecked={false}
      id="reduce_11357(a)"
      name="11357(a)"
      onChange={[Function]}
      type="radio"
    />
  </td>
</tr>
`;
