// Jest Snapshot v1, https://goo.gl/fbAQLP

exports[`Home component runScriptInOptions should match exact snapshot 1`] = `
<div>
  <div
    className="pageContainer slab"
  >
    <header
      className="main-header"
    >
      <div
        className="toolbar"
      >
        <div
          className="main-header__title"
        >
          Clear My Record
        </div>
      </div>
    </header>
    <div
      className="form-card__content"
    >
      <div
        className="form-card"
      >
        <div
          className="form-card__content"
        >
          <div
            className="text--centered"
          >
            <h1
              className="introductionTitle"
            >
              Using Clear My Record will expedite the process of determining which Prop 64 convictions are eligible for relief under H&S ยง 11361.9.
            </h1>
            <p>
              Here's what you need to do:
            </p>
            <div
              className="vertical-steps"
            >
              <div
                className="vertical-steps__step"
              >
                <div
                  className="emoji emoji--big emoji--page-facing-up"
                />
                <h2
                  className="stepTitle"
                >
                  Import bulk conviction data
                </h2>
                <p
                  className="stepBody"
                >
                  Choose your county and import the bulk Prop 64 conviction data file received from the DOJ.
                </p>
              </div>
              <div
                className="vertical-steps__step"
              >
                <div
                  className="emoji emoji--big emoji--clipboard"
                />
                <h2
                  className="stepTitle"
                >
                  Select eligibility requirements
                </h2>
                <p
                  className="stepBody"
                >
                  Determine which convictions to reduce or dismiss.
                </p>
              </div>
              <div
                className="vertical-steps__step"
              >
                <div
                  className="emoji emoji--big emoji--checkmark"
                />
                <h2
                  className="stepTitle"
                >
                  Review files
                </h2>
                <p
                  className="stepBody"
                >
                  Open and review files which now include Prop 64 eligibility determinations.
                </p>
              </div>
            </div>
            <div
              className="box nudge--large"
            >
              <button
                className="button button--primary"
                id="begin"
                onClick={[Function]}
                type="button"
              >
                Got it!
              </button>
            </div>
          </div>
        </div>
        <div
          className="form-card__footer"
        />
      </div>
    </div>
    <footer
      className="footer"
    >
      <div
        className="footerMedia media-box media-box--reversed"
      >
        <div
          className="media-box__media media--icon"
        >
          <div
            className="logo illustration--cfa-logo__dark"
          />
        </div>
        <div
          className="footerContent media-box__content"
        >
          <div
            className="footerLinks"
          >
            <a
              className="footerLink link--subtle"
              href="#"
            >
              Frequently Asked Questions
            </a>
            <a
              className="footerLink link--subtle"
              href="#"
            >
              Terms of Service
            </a>
            <a
              className="footerLink link--subtle"
              href="#"
            >
              Help Documents
            </a>
          </div>
          <div
            className="footerMessage"
          >
            Clear My Record is a service delivered by
             
            <a
              className="link--subtle"
              href="https://www.codeforamerica.org"
            >
              Code for America
            </a>
             
            on behalf of the people of California.
          </div>
          <div>
            v
            0.2.7
          </div>
        </div>
      </div>
    </footer>
  </div>
</div>
`;
